// Jest Snapshot v1, https://goo.gl/fbAQLP

exports[`test include doctype html 1`] = `"<!doctype html><html lang=\\"ja\\"><head><meta charset=\\"utf-8\\"><meta name=\\"viewport\\" content=\\"width=device-width,initial-scale=1.0\\"><title>ページ名</title><meta name=\\"description\\" content=\\"ページの説明\\"><link rel=\\"icon\\" href=\\"/icon\\"><meta name=\\"twitter:card\\" content=\\"summary\\"><meta property=\\"og:url\\" content=\\"https://narumincho.com/\\"><meta property=\\"og:title\\" content=\\"ページ名\\"><meta property=\\"og:site_name\\" content=\\"アプリ名\\"><meta property=\\"og:description\\" content=\\"ページの説明\\"><meta property=\\"og:image\\" content=\\"https://narumincho.com/assets/kamausagi.png\\"></head><body><div>それな</div></body></html>"`;
